// Jest Snapshot v1, https://goo.gl/fbAQLP

exports[`User API Endpoints GET /users should retrieve users sorted by creation date ascending 1`] = `
[
  {
    "_id": "674211b69b10137e588d07ec",
    "createdAt": "2018-02-25T00:15:04.327Z",
    "email": "angela.luettgen@example.com",
    "firstName": "Angela",
    "lastName": "Luettgen",
    "phone": "+497263931334",
    "updatedAt": "2018-02-25T00:15:04.327Z",
  },
  {
    "_id": "674211b69b10137e588d07f3",
    "createdAt": "2019-02-18T15:40:54.327Z",
    "email": "isabella.martinez@example.com",
    "firstName": "Isabella",
    "lastName": "Martinez",
    "phone": "+497822143294",
    "updatedAt": "2019-02-18T15:40:54.327Z",
  },
  {
    "_id": "674211b69b10137e588d07ea",
    "createdAt": "2020-05-29T04:11:00.469Z",
    "email": "johnny.kris@example.com",
    "firstName": "Johnny",
    "lastName": "Kris",
    "phone": "+493965439731",
    "updatedAt": "2020-05-29T04:11:00.469Z",
  },
  {
    "_id": "674211b69b10137e588d07e9",
    "createdAt": "2020-07-04T17:00:39.515Z",
    "email": "kasandra.pagac@example.com",
    "firstName": "Kasandra",
    "lastName": "Pagac",
    "phone": "+492594137122",
    "updatedAt": "2020-07-04T17:00:39.515Z",
  },
  {
    "_id": "674211b69b10137e588d07f2",
    "createdAt": "2020-09-21T07:15:24.327Z",
    "email": "lucas.rodriguez@example.com",
    "firstName": "Lucas",
    "lastName": "Rodriguez",
    "phone": "+499824017728",
    "updatedAt": "2020-09-21T07:15:24.327Z",
  },
  {
    "_id": "674211b69b10137e588d07e5",
    "createdAt": "2020-12-15T18:45:43.068Z",
    "email": "carmine.von@example.com",
    "firstName": "Carmine",
    "lastName": "Von",
    "phone": "+491787079926",
    "updatedAt": "2020-12-15T18:45:43.068Z",
  },
  {
    "_id": "674211b69b10137e588d07e8",
    "createdAt": "2021-03-14T16:56:29.915Z",
    "email": "dylan.mcdermott@example.com",
    "firstName": "Dylan",
    "lastName": "McDermott",
    "phone": "+495245424569",
    "updatedAt": "2021-03-14T16:56:29.915Z",
  },
  {
    "_id": "674211b69b10137e588d07f5",
    "createdAt": "2021-06-17T16:50:44.327Z",
    "email": "mia.lopez@example.com",
    "firstName": "Mia",
    "lastName": "Lopez",
    "phone": "+495108401092",
    "updatedAt": "2021-06-17T16:50:44.327Z",
  },
  {
    "_id": "674211b69b10137e588d07e3",
    "createdAt": "2021-09-23T19:20:56.138Z",
    "email": "rosa.king@example.com",
    "firstName": "Rosa",
    "lastName": "King",
    "phone": "+491516644904",
    "updatedAt": "2021-09-23T19:20:56.138Z",
  },
  {
    "_id": "674211b69b10137e588d07f0",
    "createdAt": "2021-11-09T12:40:54.327Z",
    "email": "ethan.brown@example.com",
    "firstName": "Ethan",
    "lastName": "Brown",
    "phone": "+494569138220",
    "updatedAt": "2021-11-09T12:40:54.327Z",
  },
]
`;

exports[`User API Endpoints GET /users should retrieve users sorted by creation date descending 1`] = `
[
  {
    "_id": "674211b69b10137e588d07e6",
    "createdAt": "2024-01-05T18:27:03.667Z",
    "email": "mervin.halvorson@example.com",
    "firstName": "Mervin",
    "lastName": "Halvorson",
    "phone": "+493246425099",
    "updatedAt": "2024-01-05T18:27:03.667Z",
  },
  {
    "_id": "674211b69b10137e588d07f1",
    "createdAt": "2023-05-30T09:20:14.327Z",
    "email": "sophia.garcia@example.com",
    "firstName": "Sophia",
    "lastName": "Garcia",
    "phone": "+496374811198",
    "updatedAt": "2023-05-30T09:20:14.327Z",
  },
  {
    "_id": "674211b69b10137e588d07f6",
    "createdAt": "2023-04-09T10:05:14.327Z",
    "email": "liam.clark@example.com",
    "firstName": "Liam",
    "lastName": "Clark",
    "phone": "+498534214391",
    "updatedAt": "2023-04-09T10:05:14.327Z",
  },
  {
    "_id": "674211b69b10137e588d07ee",
    "createdAt": "2023-03-22T14:02:03.327Z",
    "email": "maxwell.smith@example.com",
    "firstName": "Maxwell",
    "lastName": "Smith",
    "phone": "+499034728209",
    "updatedAt": "2023-03-22T14:02:03.327Z",
  },
  {
    "_id": "674211b69b10137e588d07e7",
    "createdAt": "2023-01-20T06:19:54.933Z",
    "email": "haskell.lesch@example.com",
    "firstName": "Haskell",
    "lastName": "Lesch",
    "phone": "+496392900348",
    "updatedAt": "2023-01-20T06:19:54.933Z",
  },
  {
    "_id": "674211b69b10137e588d07f4",
    "createdAt": "2022-10-05T22:30:34.327Z",
    "email": "aiden.hernandez@example.com",
    "firstName": "Aiden",
    "lastName": "Hernandez",
    "phone": "+494632950153",
    "updatedAt": "2022-10-05T22:30:34.327Z",
  },
  {
    "_id": "674211b69b10137e588d07e4",
    "createdAt": "2022-09-28T16:16:46.185Z",
    "email": "samir.rice@example.com",
    "firstName": "Samir",
    "lastName": "Rice",
    "phone": "+4916014501635",
    "updatedAt": "2022-09-28T16:16:46.185Z",
  },
  {
    "_id": "674211b69b10137e588d07ef",
    "createdAt": "2022-07-12T18:00:24.327Z",
    "email": "olivia.thompson@example.com",
    "firstName": "Olivia",
    "lastName": "Thompson",
    "phone": "+492345849133",
    "updatedAt": "2022-07-12T18:00:24.327Z",
  },
  {
    "_id": "674211b69b10137e588d07eb",
    "createdAt": "2022-06-20T07:01:55.040Z",
    "email": "chance.langosh@example.com",
    "firstName": "Chance",
    "lastName": "Langosh",
    "phone": "+497186844543",
    "updatedAt": "2022-06-20T07:01:55.040Z",
  },
  {
    "_id": "674211b69b10137e588d07ed",
    "createdAt": "2022-01-14T08:00:54.327Z",
    "email": "ella.brock@example.com",
    "firstName": "Ella",
    "lastName": "Brock",
    "phone": "+495164731932",
    "updatedAt": "2022-01-14T08:00:54.327Z",
  },
]
`;
